// Jest Snapshot v1, https://goo.gl/fbAQLP

exports[`Resistance Dropdown Should Render Dropdown 1`] = `
<Dropdown
  additionLabel="Add "
  additionPosition="top"
  closeOnBlur={true}
  deburr={false}
  fluid={true}
  icon="dropdown"
  minCharacters={1}
  noResultsMessage="No results found."
  openOnFocus={true}
  options={
    Array [
      Object {
        "text": "Value 1",
        "value": "Value1",
      },
      Object {
        "text": "Value 2",
        "value": "Value2",
      },
    ]
  }
  placeholder="Dropdown 1"
  renderLabel={[Function]}
  searchInput="text"
  selectOnBlur={true}
  selectOnNavigation={true}
  selection={true}
  wrapSelection={true}
/>
`;
